********************************
*                              *
*                              *
*                     A        *
*        Y Y                   *
*        Y Y                   *
*        YYY                   *
*                              *
*                              *
*                              *
******       *********    ******
*                              *
*               S              *
*                              *
*                              *
*                              *
*                              *
*                              *
*              Y               *
*                              *
*                              *
*                              *
*                              *
*                              *
*                              *
*          B                   *
*                              *
*                              *
*                              *
*                              *
*                              *
********************************